// Jest Snapshot v1, https://goo.gl/fbAQLP

exports[`workerCompile should compile just fine 1`] = `
Object {
  "answers": Object {
    "q1": Object {
      "correct": true,
      "skipped": false,
      "unattempted": false,
      "value": "D",
    },
    "q10": Object {
      "correct": false,
      "skipped": false,
      "unattempted": false,
      "value": "D",
    },
    "q11": Object {
      "correct": false,
      "skipped": false,
      "unattempted": false,
      "value": "C",
    },
    "q12": Object {
      "correct": true,
      "skipped": false,
      "unattempted": false,
      "value": "D",
    },
    "q13": Object {
      "correct": false,
      "skipped": false,
      "unattempted": false,
      "value": "C",
    },
    "q14": Object {
      "correct": false,
      "skipped": false,
      "unattempted": false,
      "value": "B",
    },
    "q15": Object {
      "correct": false,
      "skipped": false,
      "unattempted": false,
      "value": "A",
    },
    "q16": Object {
      "correct": false,
      "skipped": false,
      "unattempted": false,
      "value": "B",
    },
    "q17": Object {
      "correct": false,
      "skipped": false,
      "unattempted": false,
      "value": "C",
    },
    "q18": Object {
      "correct": false,
      "skipped": false,
      "unattempted": false,
      "value": "B",
    },
    "q19": Object {
      "correct": true,
      "skipped": false,
      "unattempted": false,
      "value": "C",
    },
    "q2": Object {
      "correct": false,
      "skipped": false,
      "unattempted": false,
      "value": "D",
    },
    "q20": Object {
      "correct": false,
      "skipped": false,
      "unattempted": false,
      "value": "A",
    },
    "q21": Object {
      "correct": false,
      "skipped": false,
      "unattempted": false,
      "value": "D",
    },
    "q22": Object {
      "correct": false,
      "skipped": false,
      "unattempted": false,
      "value": "D",
    },
    "q23": Object {
      "correct": false,
      "skipped": false,
      "unattempted": false,
      "value": "*",
    },
    "q24": Object {
      "correct": false,
      "skipped": false,
      "unattempted": false,
      "value": "D",
    },
    "q25": Object {
      "correct": false,
      "skipped": false,
      "unattempted": false,
      "value": "D",
    },
    "q26": Object {
      "correct": false,
      "skipped": false,
      "unattempted": false,
      "value": "C",
    },
    "q27": Object {
      "correct": false,
      "skipped": false,
      "unattempted": false,
      "value": "C",
    },
    "q28": Object {
      "correct": false,
      "skipped": false,
      "unattempted": false,
      "value": "A",
    },
    "q29": Object {
      "correct": false,
      "skipped": false,
      "unattempted": false,
      "value": "B",
    },
    "q3": Object {
      "correct": false,
      "skipped": false,
      "unattempted": false,
      "value": "C",
    },
    "q30": Object {
      "correct": false,
      "skipped": false,
      "unattempted": false,
      "value": "C",
    },
    "q31": Object {
      "correct": true,
      "skipped": false,
      "unattempted": false,
      "value": "B",
    },
    "q32": Object {
      "correct": true,
      "skipped": false,
      "unattempted": false,
      "value": "A",
    },
    "q33": Object {
      "correct": false,
      "skipped": false,
      "unattempted": false,
      "value": "D",
    },
    "q34": Object {
      "correct": true,
      "skipped": false,
      "unattempted": false,
      "value": "B",
    },
    "q35": Object {
      "correct": true,
      "skipped": false,
      "unattempted": false,
      "value": "A",
    },
    "q36": Object {
      "correct": false,
      "skipped": false,
      "unattempted": false,
      "value": "B",
    },
    "q37": Object {
      "correct": false,
      "skipped": false,
      "unattempted": false,
      "value": "C",
    },
    "q38": Object {
      "correct": false,
      "skipped": false,
      "unattempted": false,
      "value": "D",
    },
    "q39": Object {
      "correct": true,
      "skipped": false,
      "unattempted": false,
      "value": "A",
    },
    "q4": Object {
      "correct": true,
      "skipped": false,
      "unattempted": false,
      "value": "A",
    },
    "q40": Object {
      "correct": false,
      "skipped": false,
      "unattempted": false,
      "value": "B",
    },
    "q41": Object {
      "correct": false,
      "skipped": false,
      "unattempted": false,
      "value": "C",
    },
    "q42": Object {
      "correct": false,
      "skipped": false,
      "unattempted": false,
      "value": "A",
    },
    "q43": Object {
      "correct": true,
      "skipped": false,
      "unattempted": false,
      "value": "A",
    },
    "q44": Object {
      "correct": true,
      "skipped": false,
      "unattempted": false,
      "value": "C",
    },
    "q45": Object {
      "correct": true,
      "skipped": false,
      "unattempted": false,
      "value": "B",
    },
    "q46": Object {
      "correct": false,
      "skipped": false,
      "unattempted": false,
      "value": "D",
    },
    "q47": Object {
      "correct": false,
      "skipped": false,
      "unattempted": false,
      "value": "A",
    },
    "q48": Object {
      "correct": false,
      "skipped": false,
      "unattempted": false,
      "value": "C",
    },
    "q49": Object {
      "correct": true,
      "skipped": false,
      "unattempted": false,
      "value": "A",
    },
    "q5": Object {
      "correct": true,
      "skipped": false,
      "unattempted": false,
      "value": "C",
    },
    "q50": Object {
      "correct": true,
      "skipped": false,
      "unattempted": false,
      "value": "D",
    },
    "q51": Object {
      "correct": false,
      "skipped": false,
      "unattempted": false,
      "value": "D",
    },
    "q52": Object {
      "correct": true,
      "skipped": false,
      "unattempted": false,
      "value": "B",
    },
    "q53": Object {
      "correct": true,
      "skipped": false,
      "unattempted": false,
      "value": "B",
    },
    "q54": Object {
      "correct": true,
      "skipped": false,
      "unattempted": false,
      "value": "D",
    },
    "q55": Object {
      "correct": false,
      "skipped": false,
      "unattempted": false,
      "value": "D",
    },
    "q56": Object {
      "correct": false,
      "skipped": false,
      "unattempted": false,
      "value": "D",
    },
    "q57": Object {
      "correct": false,
      "skipped": false,
      "unattempted": false,
      "value": "B",
    },
    "q58": Object {
      "correct": false,
      "skipped": false,
      "unattempted": false,
      "value": "B",
    },
    "q59": Object {
      "correct": false,
      "skipped": false,
      "unattempted": false,
      "value": "D",
    },
    "q6": Object {
      "correct": true,
      "skipped": false,
      "unattempted": false,
      "value": "D",
    },
    "q60": Object {
      "correct": false,
      "skipped": false,
      "unattempted": false,
      "value": "D",
    },
    "q7": Object {
      "correct": true,
      "skipped": false,
      "unattempted": false,
      "value": "C",
    },
    "q8": Object {
      "correct": true,
      "skipped": false,
      "unattempted": false,
      "value": "A",
    },
    "q9": Object {
      "correct": false,
      "skipped": false,
      "unattempted": false,
      "value": "C",
    },
  },
  "correctCount": 21,
  "id": Any<String>,
  "imageFile": Anything,
  "incorrectCount": 39,
  "isCompiled": true,
  "isRollNoExtracted": false,
  "marks": 0,
  "post": 1,
  "questionPaperType": 1,
  "rollNo": undefined,
  "skippedCount": 0,
  "testCenter": 1,
  "testTime": 1,
  "totalMarks": 0,
  "unattemptedCount": 0,
}
`;
