// Jest Snapshot v1, https://goo.gl/fbAQLP

exports[`getQuestionsData should return json for new data 1`] = `
Object {
  "q1": "d",
  "q10": "c",
  "q11": "b",
  "q12": "d",
  "q13": "b",
  "q14": "a",
  "q15": "d",
  "q16": "c",
  "q17": "b",
  "q18": "a",
  "q19": "c",
  "q2": "b",
  "q20": "b",
  "q21": "a",
  "q22": "b",
  "q23": "a",
  "q24": "b",
  "q25": "a",
  "q26": "b",
  "q27": "a",
  "q28": "b",
  "q29": "d",
  "q3": "d",
  "q30": "a",
  "q31": "b",
  "q32": "a",
  "q33": "b",
  "q34": "b",
  "q35": "a",
  "q36": "c",
  "q37": "b",
  "q38": "a",
  "q39": "a",
  "q4": "a",
  "q40": "a",
  "q41": "a",
  "q42": "c",
  "q43": "a",
  "q44": "c",
  "q45": "b",
  "q46": "a",
  "q47": "c",
  "q48": "b",
  "q49": "a",
  "q5": "c",
  "q50": "d",
  "q51": "a",
  "q52": "b",
  "q53": "b",
  "q54": "d",
  "q55": "b",
  "q56": "b",
  "q57": "a",
  "q58": "d",
  "q59": "a",
  "q6": "d",
  "q60": "a",
  "q7": "c",
  "q8": "a",
  "q9": "d",
}
`;
