// Jest Snapshot v1, https://goo.gl/fbAQLP

exports[`workerExtract should be able to extract result just fine 1`] = `
Object {
  "answers": Object {
    "Q1": Object {
      "correct": false,
      "skipped": false,
      "unattempted": false,
      "value": "D",
    },
    "Q10": Object {
      "correct": false,
      "skipped": false,
      "unattempted": false,
      "value": "D",
    },
    "Q11": Object {
      "correct": false,
      "skipped": false,
      "unattempted": false,
      "value": "C",
    },
    "Q12": Object {
      "correct": false,
      "skipped": false,
      "unattempted": false,
      "value": "D",
    },
    "Q13": Object {
      "correct": false,
      "skipped": false,
      "unattempted": false,
      "value": "C",
    },
    "Q14": Object {
      "correct": false,
      "skipped": false,
      "unattempted": false,
      "value": "B",
    },
    "Q15": Object {
      "correct": false,
      "skipped": false,
      "unattempted": false,
      "value": "A",
    },
    "Q16": Object {
      "correct": false,
      "skipped": false,
      "unattempted": false,
      "value": "B",
    },
    "Q17": Object {
      "correct": false,
      "skipped": false,
      "unattempted": false,
      "value": "C",
    },
    "Q18": Object {
      "correct": false,
      "skipped": false,
      "unattempted": false,
      "value": "B",
    },
    "Q19": Object {
      "correct": false,
      "skipped": false,
      "unattempted": false,
      "value": "C",
    },
    "Q2": Object {
      "correct": false,
      "skipped": false,
      "unattempted": false,
      "value": "D",
    },
    "Q20": Object {
      "correct": false,
      "skipped": false,
      "unattempted": false,
      "value": "A",
    },
    "Q21": Object {
      "correct": false,
      "skipped": false,
      "unattempted": false,
      "value": "D",
    },
    "Q22": Object {
      "correct": false,
      "skipped": false,
      "unattempted": false,
      "value": "D",
    },
    "Q23": Object {
      "correct": false,
      "skipped": false,
      "unattempted": false,
      "value": "*",
    },
    "Q24": Object {
      "correct": false,
      "skipped": false,
      "unattempted": false,
      "value": "D",
    },
    "Q25": Object {
      "correct": false,
      "skipped": false,
      "unattempted": false,
      "value": "D",
    },
    "Q26": Object {
      "correct": false,
      "skipped": false,
      "unattempted": false,
      "value": "C",
    },
    "Q27": Object {
      "correct": false,
      "skipped": false,
      "unattempted": false,
      "value": "C",
    },
    "Q28": Object {
      "correct": false,
      "skipped": false,
      "unattempted": false,
      "value": "A",
    },
    "Q29": Object {
      "correct": false,
      "skipped": false,
      "unattempted": false,
      "value": "B",
    },
    "Q3": Object {
      "correct": false,
      "skipped": false,
      "unattempted": false,
      "value": "C",
    },
    "Q30": Object {
      "correct": false,
      "skipped": false,
      "unattempted": false,
      "value": "C",
    },
    "Q31": Object {
      "correct": false,
      "skipped": false,
      "unattempted": false,
      "value": "B",
    },
    "Q32": Object {
      "correct": false,
      "skipped": false,
      "unattempted": false,
      "value": "A",
    },
    "Q33": Object {
      "correct": false,
      "skipped": false,
      "unattempted": false,
      "value": "D",
    },
    "Q34": Object {
      "correct": false,
      "skipped": false,
      "unattempted": false,
      "value": "B",
    },
    "Q35": Object {
      "correct": false,
      "skipped": false,
      "unattempted": false,
      "value": "A",
    },
    "Q36": Object {
      "correct": false,
      "skipped": false,
      "unattempted": false,
      "value": "B",
    },
    "Q37": Object {
      "correct": false,
      "skipped": false,
      "unattempted": false,
      "value": "C",
    },
    "Q38": Object {
      "correct": false,
      "skipped": false,
      "unattempted": false,
      "value": "D",
    },
    "Q39": Object {
      "correct": false,
      "skipped": false,
      "unattempted": false,
      "value": "A",
    },
    "Q4": Object {
      "correct": false,
      "skipped": false,
      "unattempted": false,
      "value": "A",
    },
    "Q40": Object {
      "correct": false,
      "skipped": false,
      "unattempted": false,
      "value": "B",
    },
    "Q41": Object {
      "correct": false,
      "skipped": false,
      "unattempted": false,
      "value": "C",
    },
    "Q42": Object {
      "correct": false,
      "skipped": false,
      "unattempted": false,
      "value": "A",
    },
    "Q43": Object {
      "correct": false,
      "skipped": false,
      "unattempted": false,
      "value": "A",
    },
    "Q44": Object {
      "correct": false,
      "skipped": false,
      "unattempted": false,
      "value": "C",
    },
    "Q45": Object {
      "correct": false,
      "skipped": false,
      "unattempted": false,
      "value": "B",
    },
    "Q46": Object {
      "correct": false,
      "skipped": false,
      "unattempted": false,
      "value": "D",
    },
    "Q47": Object {
      "correct": false,
      "skipped": false,
      "unattempted": false,
      "value": "A",
    },
    "Q48": Object {
      "correct": false,
      "skipped": false,
      "unattempted": false,
      "value": "C",
    },
    "Q49": Object {
      "correct": false,
      "skipped": false,
      "unattempted": false,
      "value": "A",
    },
    "Q5": Object {
      "correct": false,
      "skipped": false,
      "unattempted": false,
      "value": "C",
    },
    "Q50": Object {
      "correct": false,
      "skipped": false,
      "unattempted": false,
      "value": "D",
    },
    "Q51": Object {
      "correct": false,
      "skipped": false,
      "unattempted": false,
      "value": "D",
    },
    "Q52": Object {
      "correct": false,
      "skipped": false,
      "unattempted": false,
      "value": "B",
    },
    "Q53": Object {
      "correct": false,
      "skipped": false,
      "unattempted": false,
      "value": "B",
    },
    "Q54": Object {
      "correct": false,
      "skipped": false,
      "unattempted": false,
      "value": "D",
    },
    "Q55": Object {
      "correct": false,
      "skipped": false,
      "unattempted": false,
      "value": "D",
    },
    "Q56": Object {
      "correct": false,
      "skipped": false,
      "unattempted": false,
      "value": "D",
    },
    "Q57": Object {
      "correct": false,
      "skipped": false,
      "unattempted": false,
      "value": "B",
    },
    "Q58": Object {
      "correct": false,
      "skipped": false,
      "unattempted": false,
      "value": "B",
    },
    "Q59": Object {
      "correct": false,
      "skipped": false,
      "unattempted": false,
      "value": "D",
    },
    "Q6": Object {
      "correct": false,
      "skipped": false,
      "unattempted": false,
      "value": "D",
    },
    "Q60": Object {
      "correct": false,
      "skipped": false,
      "unattempted": false,
      "value": "D",
    },
    "Q7": Object {
      "correct": false,
      "skipped": false,
      "unattempted": false,
      "value": "C",
    },
    "Q8": Object {
      "correct": false,
      "skipped": false,
      "unattempted": false,
      "value": "A",
    },
    "Q9": Object {
      "correct": false,
      "skipped": false,
      "unattempted": false,
      "value": "C",
    },
  },
  "correctCount": 0,
  "id": Any<String>,
  "imageFile": Anything,
  "incorrectCount": 0,
  "isCompiled": false,
  "isRollNoExtracted": true,
  "marks": 0,
  "post": "",
  "questionPaperType": "",
  "rollNo": "10023",
  "skippedCount": 0,
  "testCenter": "",
  "testTime": "",
  "totalMarks": 0,
  "unattemptedCount": 0,
}
`;
