// Jest Snapshot v1, https://goo.gl/fbAQLP

exports[`getDesignData works 1`] = `
Object {
  "code": Object {
    "height": 60,
    "width": 135,
    "x": 22,
    "y": 65,
  },
  "height": 841,
  "isQrCode": false,
  "questions": Object {
    "q1": Object {
      "a": Object {
        "height": 15,
        "width": 19,
        "x": 45,
        "y": 475,
      },
      "b": Object {
        "height": 15,
        "width": 19,
        "x": 68,
        "y": 475,
      },
      "c": Object {
        "height": 15,
        "width": 19,
        "x": 90,
        "y": 475,
      },
      "d": Object {
        "height": 15,
        "width": 19,
        "x": 113,
        "y": 475,
      },
    },
    "q10": Object {
      "a": Object {
        "height": 15,
        "width": 19,
        "x": 45,
        "y": 715,
      },
      "b": Object {
        "height": 15,
        "width": 19,
        "x": 68,
        "y": 715,
      },
      "c": Object {
        "height": 15,
        "width": 19,
        "x": 90,
        "y": 715,
      },
      "d": Object {
        "height": 15,
        "width": 19,
        "x": 113,
        "y": 715,
      },
    },
    "q11": Object {
      "a": Object {
        "height": 15,
        "width": 19,
        "x": 45,
        "y": 741,
      },
      "b": Object {
        "height": 15,
        "width": 19,
        "x": 68,
        "y": 741,
      },
      "c": Object {
        "height": 15,
        "width": 19,
        "x": 90,
        "y": 741,
      },
      "d": Object {
        "height": 15,
        "width": 19,
        "x": 113,
        "y": 741,
      },
    },
    "q12": Object {
      "a": Object {
        "height": 15,
        "width": 19,
        "x": 45,
        "y": 768,
      },
      "b": Object {
        "height": 15,
        "width": 19,
        "x": 68,
        "y": 768,
      },
      "c": Object {
        "height": 15,
        "width": 19,
        "x": 90,
        "y": 768,
      },
      "d": Object {
        "height": 15,
        "width": 19,
        "x": 113,
        "y": 768,
      },
    },
    "q13": Object {
      "a": Object {
        "height": 15,
        "width": 19,
        "x": 156,
        "y": 475,
      },
      "b": Object {
        "height": 15,
        "width": 19,
        "x": 179,
        "y": 475,
      },
      "c": Object {
        "height": 15,
        "width": 19,
        "x": 202,
        "y": 475,
      },
      "d": Object {
        "height": 15,
        "width": 19,
        "x": 224,
        "y": 475,
      },
    },
    "q14": Object {
      "a": Object {
        "height": 15,
        "width": 19,
        "x": 156,
        "y": 501,
      },
      "b": Object {
        "height": 15,
        "width": 19,
        "x": 179,
        "y": 501,
      },
      "c": Object {
        "height": 15,
        "width": 19,
        "x": 202,
        "y": 501,
      },
      "d": Object {
        "height": 15,
        "width": 19,
        "x": 224,
        "y": 501,
      },
    },
    "q15": Object {
      "a": Object {
        "height": 15,
        "width": 19,
        "x": 156,
        "y": 528,
      },
      "b": Object {
        "height": 15,
        "width": 19,
        "x": 179,
        "y": 528,
      },
      "c": Object {
        "height": 15,
        "width": 19,
        "x": 202,
        "y": 528,
      },
      "d": Object {
        "height": 15,
        "width": 19,
        "x": 224,
        "y": 528,
      },
    },
    "q16": Object {
      "a": Object {
        "height": 15,
        "width": 19,
        "x": 156,
        "y": 555,
      },
      "b": Object {
        "height": 15,
        "width": 19,
        "x": 179,
        "y": 555,
      },
      "c": Object {
        "height": 15,
        "width": 19,
        "x": 202,
        "y": 555,
      },
      "d": Object {
        "height": 15,
        "width": 19,
        "x": 224,
        "y": 555,
      },
    },
    "q17": Object {
      "a": Object {
        "height": 15,
        "width": 19,
        "x": 156,
        "y": 581,
      },
      "b": Object {
        "height": 15,
        "width": 19,
        "x": 179,
        "y": 581,
      },
      "c": Object {
        "height": 15,
        "width": 19,
        "x": 202,
        "y": 581,
      },
      "d": Object {
        "height": 15,
        "width": 19,
        "x": 224,
        "y": 581,
      },
    },
    "q18": Object {
      "a": Object {
        "height": 15,
        "width": 19,
        "x": 156,
        "y": 608,
      },
      "b": Object {
        "height": 15,
        "width": 19,
        "x": 179,
        "y": 608,
      },
      "c": Object {
        "height": 15,
        "width": 19,
        "x": 202,
        "y": 608,
      },
      "d": Object {
        "height": 15,
        "width": 19,
        "x": 224,
        "y": 608,
      },
    },
    "q19": Object {
      "a": Object {
        "height": 15,
        "width": 19,
        "x": 156,
        "y": 635,
      },
      "b": Object {
        "height": 15,
        "width": 19,
        "x": 179,
        "y": 635,
      },
      "c": Object {
        "height": 15,
        "width": 19,
        "x": 202,
        "y": 635,
      },
      "d": Object {
        "height": 15,
        "width": 19,
        "x": 224,
        "y": 635,
      },
    },
    "q2": Object {
      "a": Object {
        "height": 15,
        "width": 19,
        "x": 45,
        "y": 501,
      },
      "b": Object {
        "height": 15,
        "width": 19,
        "x": 68,
        "y": 501,
      },
      "c": Object {
        "height": 15,
        "width": 19,
        "x": 90,
        "y": 501,
      },
      "d": Object {
        "height": 15,
        "width": 19,
        "x": 113,
        "y": 501,
      },
    },
    "q20": Object {
      "a": Object {
        "height": 15,
        "width": 19,
        "x": 156,
        "y": 661,
      },
      "b": Object {
        "height": 15,
        "width": 19,
        "x": 179,
        "y": 661,
      },
      "c": Object {
        "height": 15,
        "width": 19,
        "x": 202,
        "y": 661,
      },
      "d": Object {
        "height": 15,
        "width": 19,
        "x": 224,
        "y": 661,
      },
    },
    "q21": Object {
      "a": Object {
        "height": 15,
        "width": 19,
        "x": 156,
        "y": 688,
      },
      "b": Object {
        "height": 15,
        "width": 19,
        "x": 179,
        "y": 688,
      },
      "c": Object {
        "height": 15,
        "width": 19,
        "x": 202,
        "y": 688,
      },
      "d": Object {
        "height": 15,
        "width": 19,
        "x": 224,
        "y": 688,
      },
    },
    "q22": Object {
      "a": Object {
        "height": 15,
        "width": 19,
        "x": 156,
        "y": 715,
      },
      "b": Object {
        "height": 15,
        "width": 19,
        "x": 179,
        "y": 715,
      },
      "c": Object {
        "height": 15,
        "width": 19,
        "x": 202,
        "y": 715,
      },
      "d": Object {
        "height": 15,
        "width": 19,
        "x": 224,
        "y": 715,
      },
    },
    "q23": Object {
      "a": Object {
        "height": 15,
        "width": 19,
        "x": 156,
        "y": 741,
      },
      "b": Object {
        "height": 15,
        "width": 19,
        "x": 179,
        "y": 741,
      },
      "c": Object {
        "height": 15,
        "width": 19,
        "x": 202,
        "y": 741,
      },
      "d": Object {
        "height": 15,
        "width": 19,
        "x": 224,
        "y": 741,
      },
    },
    "q24": Object {
      "a": Object {
        "height": 15,
        "width": 19,
        "x": 156,
        "y": 768,
      },
      "b": Object {
        "height": 15,
        "width": 19,
        "x": 179,
        "y": 768,
      },
      "c": Object {
        "height": 15,
        "width": 19,
        "x": 202,
        "y": 768,
      },
      "d": Object {
        "height": 15,
        "width": 19,
        "x": 224,
        "y": 768,
      },
    },
    "q25": Object {
      "a": Object {
        "height": 15,
        "width": 19,
        "x": 267,
        "y": 475,
      },
      "b": Object {
        "height": 15,
        "width": 19,
        "x": 290,
        "y": 475,
      },
      "c": Object {
        "height": 15,
        "width": 19,
        "x": 313,
        "y": 475,
      },
      "d": Object {
        "height": 15,
        "width": 19,
        "x": 336,
        "y": 475,
      },
    },
    "q26": Object {
      "a": Object {
        "height": 15,
        "width": 19,
        "x": 267,
        "y": 501,
      },
      "b": Object {
        "height": 15,
        "width": 19,
        "x": 290,
        "y": 501,
      },
      "c": Object {
        "height": 15,
        "width": 19,
        "x": 313,
        "y": 501,
      },
      "d": Object {
        "height": 15,
        "width": 19,
        "x": 336,
        "y": 501,
      },
    },
    "q27": Object {
      "a": Object {
        "height": 15,
        "width": 19,
        "x": 267,
        "y": 528,
      },
      "b": Object {
        "height": 15,
        "width": 19,
        "x": 290,
        "y": 528,
      },
      "c": Object {
        "height": 15,
        "width": 19,
        "x": 313,
        "y": 528,
      },
      "d": Object {
        "height": 15,
        "width": 19,
        "x": 336,
        "y": 528,
      },
    },
    "q28": Object {
      "a": Object {
        "height": 15,
        "width": 19,
        "x": 267,
        "y": 555,
      },
      "b": Object {
        "height": 15,
        "width": 19,
        "x": 290,
        "y": 555,
      },
      "c": Object {
        "height": 15,
        "width": 19,
        "x": 313,
        "y": 555,
      },
      "d": Object {
        "height": 15,
        "width": 19,
        "x": 336,
        "y": 555,
      },
    },
    "q29": Object {
      "a": Object {
        "height": 15,
        "width": 19,
        "x": 267,
        "y": 581,
      },
      "b": Object {
        "height": 15,
        "width": 19,
        "x": 290,
        "y": 581,
      },
      "c": Object {
        "height": 15,
        "width": 19,
        "x": 313,
        "y": 581,
      },
      "d": Object {
        "height": 15,
        "width": 19,
        "x": 336,
        "y": 581,
      },
    },
    "q3": Object {
      "a": Object {
        "height": 15,
        "width": 19,
        "x": 45,
        "y": 528,
      },
      "b": Object {
        "height": 15,
        "width": 19,
        "x": 68,
        "y": 528,
      },
      "c": Object {
        "height": 15,
        "width": 19,
        "x": 90,
        "y": 528,
      },
      "d": Object {
        "height": 15,
        "width": 19,
        "x": 113,
        "y": 528,
      },
    },
    "q30": Object {
      "a": Object {
        "height": 15,
        "width": 19,
        "x": 267,
        "y": 608,
      },
      "b": Object {
        "height": 15,
        "width": 19,
        "x": 290,
        "y": 608,
      },
      "c": Object {
        "height": 15,
        "width": 19,
        "x": 313,
        "y": 608,
      },
      "d": Object {
        "height": 15,
        "width": 19,
        "x": 336,
        "y": 608,
      },
    },
    "q31": Object {
      "a": Object {
        "height": 15,
        "width": 19,
        "x": 267,
        "y": 635,
      },
      "b": Object {
        "height": 15,
        "width": 19,
        "x": 290,
        "y": 635,
      },
      "c": Object {
        "height": 15,
        "width": 19,
        "x": 313,
        "y": 635,
      },
      "d": Object {
        "height": 15,
        "width": 19,
        "x": 336,
        "y": 635,
      },
    },
    "q32": Object {
      "a": Object {
        "height": 15,
        "width": 19,
        "x": 267,
        "y": 661,
      },
      "b": Object {
        "height": 15,
        "width": 19,
        "x": 290,
        "y": 661,
      },
      "c": Object {
        "height": 15,
        "width": 19,
        "x": 313,
        "y": 661,
      },
      "d": Object {
        "height": 15,
        "width": 19,
        "x": 336,
        "y": 661,
      },
    },
    "q33": Object {
      "a": Object {
        "height": 15,
        "width": 19,
        "x": 267,
        "y": 688,
      },
      "b": Object {
        "height": 15,
        "width": 19,
        "x": 290,
        "y": 688,
      },
      "c": Object {
        "height": 15,
        "width": 19,
        "x": 313,
        "y": 688,
      },
      "d": Object {
        "height": 15,
        "width": 19,
        "x": 336,
        "y": 688,
      },
    },
    "q34": Object {
      "a": Object {
        "height": 15,
        "width": 19,
        "x": 267,
        "y": 715,
      },
      "b": Object {
        "height": 15,
        "width": 19,
        "x": 290,
        "y": 715,
      },
      "c": Object {
        "height": 15,
        "width": 19,
        "x": 313,
        "y": 715,
      },
      "d": Object {
        "height": 15,
        "width": 19,
        "x": 336,
        "y": 715,
      },
    },
    "q35": Object {
      "a": Object {
        "height": 15,
        "width": 19,
        "x": 267,
        "y": 741,
      },
      "b": Object {
        "height": 15,
        "width": 19,
        "x": 290,
        "y": 741,
      },
      "c": Object {
        "height": 15,
        "width": 19,
        "x": 313,
        "y": 741,
      },
      "d": Object {
        "height": 15,
        "width": 19,
        "x": 336,
        "y": 741,
      },
    },
    "q36": Object {
      "a": Object {
        "height": 15,
        "width": 19,
        "x": 267,
        "y": 768,
      },
      "b": Object {
        "height": 15,
        "width": 19,
        "x": 290,
        "y": 768,
      },
      "c": Object {
        "height": 15,
        "width": 19,
        "x": 313,
        "y": 768,
      },
      "d": Object {
        "height": 15,
        "width": 19,
        "x": 336,
        "y": 768,
      },
    },
    "q37": Object {
      "a": Object {
        "height": 15,
        "width": 19,
        "x": 379,
        "y": 475,
      },
      "b": Object {
        "height": 15,
        "width": 19,
        "x": 401,
        "y": 475,
      },
      "c": Object {
        "height": 15,
        "width": 19,
        "x": 424,
        "y": 475,
      },
      "d": Object {
        "height": 15,
        "width": 19,
        "x": 447,
        "y": 475,
      },
    },
    "q38": Object {
      "a": Object {
        "height": 15,
        "width": 19,
        "x": 379,
        "y": 501,
      },
      "b": Object {
        "height": 15,
        "width": 19,
        "x": 401,
        "y": 501,
      },
      "c": Object {
        "height": 15,
        "width": 19,
        "x": 424,
        "y": 501,
      },
      "d": Object {
        "height": 15,
        "width": 19,
        "x": 447,
        "y": 501,
      },
    },
    "q39": Object {
      "a": Object {
        "height": 15,
        "width": 19,
        "x": 379,
        "y": 528,
      },
      "b": Object {
        "height": 15,
        "width": 19,
        "x": 401,
        "y": 528,
      },
      "c": Object {
        "height": 15,
        "width": 19,
        "x": 424,
        "y": 528,
      },
      "d": Object {
        "height": 15,
        "width": 19,
        "x": 447,
        "y": 528,
      },
    },
    "q4": Object {
      "a": Object {
        "height": 15,
        "width": 19,
        "x": 45,
        "y": 555,
      },
      "b": Object {
        "height": 15,
        "width": 19,
        "x": 68,
        "y": 555,
      },
      "c": Object {
        "height": 15,
        "width": 19,
        "x": 90,
        "y": 555,
      },
      "d": Object {
        "height": 15,
        "width": 19,
        "x": 113,
        "y": 555,
      },
    },
    "q40": Object {
      "a": Object {
        "height": 15,
        "width": 19,
        "x": 379,
        "y": 555,
      },
      "b": Object {
        "height": 15,
        "width": 19,
        "x": 401,
        "y": 555,
      },
      "c": Object {
        "height": 15,
        "width": 19,
        "x": 424,
        "y": 555,
      },
      "d": Object {
        "height": 15,
        "width": 19,
        "x": 447,
        "y": 555,
      },
    },
    "q41": Object {
      "a": Object {
        "height": 15,
        "width": 19,
        "x": 379,
        "y": 581,
      },
      "b": Object {
        "height": 15,
        "width": 19,
        "x": 401,
        "y": 581,
      },
      "c": Object {
        "height": 15,
        "width": 19,
        "x": 424,
        "y": 581,
      },
      "d": Object {
        "height": 15,
        "width": 19,
        "x": 447,
        "y": 581,
      },
    },
    "q42": Object {
      "a": Object {
        "height": 15,
        "width": 19,
        "x": 379,
        "y": 608,
      },
      "b": Object {
        "height": 15,
        "width": 19,
        "x": 401,
        "y": 608,
      },
      "c": Object {
        "height": 15,
        "width": 19,
        "x": 424,
        "y": 608,
      },
      "d": Object {
        "height": 15,
        "width": 19,
        "x": 447,
        "y": 608,
      },
    },
    "q43": Object {
      "a": Object {
        "height": 15,
        "width": 19,
        "x": 379,
        "y": 635,
      },
      "b": Object {
        "height": 15,
        "width": 19,
        "x": 401,
        "y": 635,
      },
      "c": Object {
        "height": 15,
        "width": 19,
        "x": 424,
        "y": 635,
      },
      "d": Object {
        "height": 15,
        "width": 19,
        "x": 447,
        "y": 635,
      },
    },
    "q44": Object {
      "a": Object {
        "height": 15,
        "width": 19,
        "x": 379,
        "y": 661,
      },
      "b": Object {
        "height": 15,
        "width": 19,
        "x": 401,
        "y": 661,
      },
      "c": Object {
        "height": 15,
        "width": 19,
        "x": 424,
        "y": 661,
      },
      "d": Object {
        "height": 15,
        "width": 19,
        "x": 447,
        "y": 661,
      },
    },
    "q45": Object {
      "a": Object {
        "height": 15,
        "width": 19,
        "x": 379,
        "y": 688,
      },
      "b": Object {
        "height": 15,
        "width": 19,
        "x": 401,
        "y": 688,
      },
      "c": Object {
        "height": 15,
        "width": 19,
        "x": 424,
        "y": 688,
      },
      "d": Object {
        "height": 15,
        "width": 19,
        "x": 447,
        "y": 688,
      },
    },
    "q46": Object {
      "a": Object {
        "height": 15,
        "width": 19,
        "x": 379,
        "y": 715,
      },
      "b": Object {
        "height": 15,
        "width": 19,
        "x": 401,
        "y": 715,
      },
      "c": Object {
        "height": 15,
        "width": 19,
        "x": 424,
        "y": 715,
      },
      "d": Object {
        "height": 15,
        "width": 19,
        "x": 447,
        "y": 715,
      },
    },
    "q47": Object {
      "a": Object {
        "height": 15,
        "width": 19,
        "x": 379,
        "y": 741,
      },
      "b": Object {
        "height": 15,
        "width": 19,
        "x": 401,
        "y": 741,
      },
      "c": Object {
        "height": 15,
        "width": 19,
        "x": 424,
        "y": 741,
      },
      "d": Object {
        "height": 15,
        "width": 19,
        "x": 447,
        "y": 741,
      },
    },
    "q48": Object {
      "a": Object {
        "height": 15,
        "width": 19,
        "x": 379,
        "y": 768,
      },
      "b": Object {
        "height": 15,
        "width": 19,
        "x": 401,
        "y": 768,
      },
      "c": Object {
        "height": 15,
        "width": 19,
        "x": 424,
        "y": 768,
      },
      "d": Object {
        "height": 15,
        "width": 19,
        "x": 447,
        "y": 768,
      },
    },
    "q49": Object {
      "a": Object {
        "height": 15,
        "width": 19,
        "x": 490,
        "y": 475,
      },
      "b": Object {
        "height": 15,
        "width": 19,
        "x": 513,
        "y": 475,
      },
      "c": Object {
        "height": 15,
        "width": 19,
        "x": 535,
        "y": 475,
      },
      "d": Object {
        "height": 15,
        "width": 19,
        "x": 558,
        "y": 475,
      },
    },
    "q5": Object {
      "a": Object {
        "height": 15,
        "width": 19,
        "x": 45,
        "y": 581,
      },
      "b": Object {
        "height": 15,
        "width": 19,
        "x": 68,
        "y": 581,
      },
      "c": Object {
        "height": 15,
        "width": 19,
        "x": 90,
        "y": 581,
      },
      "d": Object {
        "height": 15,
        "width": 19,
        "x": 113,
        "y": 581,
      },
    },
    "q50": Object {
      "a": Object {
        "height": 15,
        "width": 19,
        "x": 490,
        "y": 501,
      },
      "b": Object {
        "height": 15,
        "width": 19,
        "x": 513,
        "y": 501,
      },
      "c": Object {
        "height": 15,
        "width": 19,
        "x": 535,
        "y": 501,
      },
      "d": Object {
        "height": 15,
        "width": 19,
        "x": 558,
        "y": 501,
      },
    },
    "q51": Object {
      "a": Object {
        "height": 15,
        "width": 19,
        "x": 490,
        "y": 528,
      },
      "b": Object {
        "height": 15,
        "width": 19,
        "x": 513,
        "y": 528,
      },
      "c": Object {
        "height": 15,
        "width": 19,
        "x": 535,
        "y": 528,
      },
      "d": Object {
        "height": 15,
        "width": 19,
        "x": 558,
        "y": 528,
      },
    },
    "q52": Object {
      "a": Object {
        "height": 15,
        "width": 19,
        "x": 490,
        "y": 555,
      },
      "b": Object {
        "height": 15,
        "width": 19,
        "x": 513,
        "y": 555,
      },
      "c": Object {
        "height": 15,
        "width": 19,
        "x": 535,
        "y": 555,
      },
      "d": Object {
        "height": 15,
        "width": 19,
        "x": 558,
        "y": 555,
      },
    },
    "q53": Object {
      "a": Object {
        "height": 15,
        "width": 19,
        "x": 490,
        "y": 581,
      },
      "b": Object {
        "height": 15,
        "width": 19,
        "x": 513,
        "y": 581,
      },
      "c": Object {
        "height": 15,
        "width": 19,
        "x": 535,
        "y": 581,
      },
      "d": Object {
        "height": 15,
        "width": 19,
        "x": 558,
        "y": 581,
      },
    },
    "q54": Object {
      "a": Object {
        "height": 15,
        "width": 19,
        "x": 490,
        "y": 608,
      },
      "b": Object {
        "height": 15,
        "width": 19,
        "x": 513,
        "y": 608,
      },
      "c": Object {
        "height": 15,
        "width": 19,
        "x": 535,
        "y": 608,
      },
      "d": Object {
        "height": 15,
        "width": 19,
        "x": 558,
        "y": 608,
      },
    },
    "q55": Object {
      "a": Object {
        "height": 15,
        "width": 19,
        "x": 490,
        "y": 635,
      },
      "b": Object {
        "height": 15,
        "width": 19,
        "x": 513,
        "y": 635,
      },
      "c": Object {
        "height": 15,
        "width": 19,
        "x": 535,
        "y": 635,
      },
      "d": Object {
        "height": 15,
        "width": 19,
        "x": 558,
        "y": 635,
      },
    },
    "q56": Object {
      "a": Object {
        "height": 15,
        "width": 19,
        "x": 490,
        "y": 661,
      },
      "b": Object {
        "height": 15,
        "width": 19,
        "x": 513,
        "y": 661,
      },
      "c": Object {
        "height": 15,
        "width": 19,
        "x": 535,
        "y": 661,
      },
      "d": Object {
        "height": 15,
        "width": 19,
        "x": 558,
        "y": 661,
      },
    },
    "q57": Object {
      "a": Object {
        "height": 15,
        "width": 19,
        "x": 490,
        "y": 688,
      },
      "b": Object {
        "height": 15,
        "width": 19,
        "x": 513,
        "y": 688,
      },
      "c": Object {
        "height": 15,
        "width": 19,
        "x": 535,
        "y": 688,
      },
      "d": Object {
        "height": 15,
        "width": 19,
        "x": 558,
        "y": 688,
      },
    },
    "q58": Object {
      "a": Object {
        "height": 15,
        "width": 19,
        "x": 490,
        "y": 715,
      },
      "b": Object {
        "height": 15,
        "width": 19,
        "x": 513,
        "y": 715,
      },
      "c": Object {
        "height": 15,
        "width": 19,
        "x": 535,
        "y": 715,
      },
      "d": Object {
        "height": 15,
        "width": 19,
        "x": 558,
        "y": 715,
      },
    },
    "q59": Object {
      "a": Object {
        "height": 15,
        "width": 19,
        "x": 490,
        "y": 741,
      },
      "b": Object {
        "height": 15,
        "width": 19,
        "x": 513,
        "y": 741,
      },
      "c": Object {
        "height": 15,
        "width": 19,
        "x": 535,
        "y": 741,
      },
      "d": Object {
        "height": 15,
        "width": 19,
        "x": 558,
        "y": 741,
      },
    },
    "q6": Object {
      "a": Object {
        "height": 15,
        "width": 19,
        "x": 45,
        "y": 608,
      },
      "b": Object {
        "height": 15,
        "width": 19,
        "x": 68,
        "y": 608,
      },
      "c": Object {
        "height": 15,
        "width": 19,
        "x": 90,
        "y": 608,
      },
      "d": Object {
        "height": 15,
        "width": 19,
        "x": 113,
        "y": 608,
      },
    },
    "q60": Object {
      "a": Object {
        "height": 15,
        "width": 19,
        "x": 490,
        "y": 768,
      },
      "b": Object {
        "height": 15,
        "width": 19,
        "x": 513,
        "y": 768,
      },
      "c": Object {
        "height": 15,
        "width": 19,
        "x": 535,
        "y": 768,
      },
      "d": Object {
        "height": 15,
        "width": 19,
        "x": 558,
        "y": 768,
      },
    },
    "q7": Object {
      "a": Object {
        "height": 15,
        "width": 19,
        "x": 45,
        "y": 635,
      },
      "b": Object {
        "height": 15,
        "width": 19,
        "x": 68,
        "y": 635,
      },
      "c": Object {
        "height": 15,
        "width": 19,
        "x": 90,
        "y": 635,
      },
      "d": Object {
        "height": 15,
        "width": 19,
        "x": 113,
        "y": 635,
      },
    },
    "q8": Object {
      "a": Object {
        "height": 15,
        "width": 19,
        "x": 45,
        "y": 661,
      },
      "b": Object {
        "height": 15,
        "width": 19,
        "x": 68,
        "y": 661,
      },
      "c": Object {
        "height": 15,
        "width": 19,
        "x": 90,
        "y": 661,
      },
      "d": Object {
        "height": 15,
        "width": 19,
        "x": 113,
        "y": 661,
      },
    },
    "q9": Object {
      "a": Object {
        "height": 15,
        "width": 19,
        "x": 45,
        "y": 688,
      },
      "b": Object {
        "height": 15,
        "width": 19,
        "x": 68,
        "y": 688,
      },
      "c": Object {
        "height": 15,
        "width": 19,
        "x": 90,
        "y": 688,
      },
      "d": Object {
        "height": 15,
        "width": 19,
        "x": 113,
        "y": 688,
      },
    },
  },
  "rollNo": Object {
    "height": 86,
    "width": 405,
    "x": 165,
    "y": 66,
  },
  "width": 595,
}
`;
