// Jest Snapshot v1, https://goo.gl/fbAQLP

exports[`getDesignData works with adjust offset 1`] = `
Object {
  "code": Object {
    "height": 54,
    "width": 129,
    "x": 4,
    "y": 39,
  },
  "computerMarksInfo": Object {
    "bottomMargin": 17,
    "leftMargin": 21,
    "marks": Object {
      "mark1": Object {
        "height": 15,
        "width": 15,
        "x": 21,
        "y": 29,
      },
      "mark2": Object {
        "height": 15,
        "width": 15,
        "x": 565,
        "y": 29,
      },
      "mark3": Object {
        "height": 15,
        "width": 15,
        "x": 21,
        "y": 809,
      },
      "mark4": Object {
        "height": 15,
        "width": 15,
        "x": 565,
        "y": 809,
      },
      "mark5": Object {
        "height": 15,
        "width": 15,
        "x": 565,
        "y": 403,
      },
    },
    "rightMargin": 15,
    "topMargin": 29,
  },
  "height": 795,
  "isQrCode": false,
  "questions": Object {
    "q1": Object {
      "a": Object {
        "height": 9,
        "width": 13,
        "x": 27,
        "y": 449,
      },
      "b": Object {
        "height": 9,
        "width": 13,
        "x": 50,
        "y": 449,
      },
      "c": Object {
        "height": 9,
        "width": 13,
        "x": 72,
        "y": 449,
      },
      "d": Object {
        "height": 9,
        "width": 13,
        "x": 95,
        "y": 449,
      },
    },
    "q10": Object {
      "a": Object {
        "height": 9,
        "width": 13,
        "x": 27,
        "y": 689,
      },
      "b": Object {
        "height": 9,
        "width": 13,
        "x": 50,
        "y": 689,
      },
      "c": Object {
        "height": 9,
        "width": 13,
        "x": 72,
        "y": 689,
      },
      "d": Object {
        "height": 9,
        "width": 13,
        "x": 95,
        "y": 689,
      },
    },
    "q11": Object {
      "a": Object {
        "height": 9,
        "width": 13,
        "x": 27,
        "y": 715,
      },
      "b": Object {
        "height": 9,
        "width": 13,
        "x": 50,
        "y": 715,
      },
      "c": Object {
        "height": 9,
        "width": 13,
        "x": 72,
        "y": 715,
      },
      "d": Object {
        "height": 9,
        "width": 13,
        "x": 95,
        "y": 715,
      },
    },
    "q12": Object {
      "a": Object {
        "height": 9,
        "width": 13,
        "x": 27,
        "y": 742,
      },
      "b": Object {
        "height": 9,
        "width": 13,
        "x": 50,
        "y": 742,
      },
      "c": Object {
        "height": 9,
        "width": 13,
        "x": 72,
        "y": 742,
      },
      "d": Object {
        "height": 9,
        "width": 13,
        "x": 95,
        "y": 742,
      },
    },
    "q13": Object {
      "a": Object {
        "height": 9,
        "width": 13,
        "x": 138,
        "y": 449,
      },
      "b": Object {
        "height": 9,
        "width": 13,
        "x": 161,
        "y": 449,
      },
      "c": Object {
        "height": 9,
        "width": 13,
        "x": 184,
        "y": 449,
      },
      "d": Object {
        "height": 9,
        "width": 13,
        "x": 206,
        "y": 449,
      },
    },
    "q14": Object {
      "a": Object {
        "height": 9,
        "width": 13,
        "x": 138,
        "y": 475,
      },
      "b": Object {
        "height": 9,
        "width": 13,
        "x": 161,
        "y": 475,
      },
      "c": Object {
        "height": 9,
        "width": 13,
        "x": 184,
        "y": 475,
      },
      "d": Object {
        "height": 9,
        "width": 13,
        "x": 206,
        "y": 475,
      },
    },
    "q15": Object {
      "a": Object {
        "height": 9,
        "width": 13,
        "x": 138,
        "y": 502,
      },
      "b": Object {
        "height": 9,
        "width": 13,
        "x": 161,
        "y": 502,
      },
      "c": Object {
        "height": 9,
        "width": 13,
        "x": 184,
        "y": 502,
      },
      "d": Object {
        "height": 9,
        "width": 13,
        "x": 206,
        "y": 502,
      },
    },
    "q16": Object {
      "a": Object {
        "height": 9,
        "width": 13,
        "x": 138,
        "y": 529,
      },
      "b": Object {
        "height": 9,
        "width": 13,
        "x": 161,
        "y": 529,
      },
      "c": Object {
        "height": 9,
        "width": 13,
        "x": 184,
        "y": 529,
      },
      "d": Object {
        "height": 9,
        "width": 13,
        "x": 206,
        "y": 529,
      },
    },
    "q17": Object {
      "a": Object {
        "height": 9,
        "width": 13,
        "x": 138,
        "y": 555,
      },
      "b": Object {
        "height": 9,
        "width": 13,
        "x": 161,
        "y": 555,
      },
      "c": Object {
        "height": 9,
        "width": 13,
        "x": 184,
        "y": 555,
      },
      "d": Object {
        "height": 9,
        "width": 13,
        "x": 206,
        "y": 555,
      },
    },
    "q18": Object {
      "a": Object {
        "height": 9,
        "width": 13,
        "x": 138,
        "y": 582,
      },
      "b": Object {
        "height": 9,
        "width": 13,
        "x": 161,
        "y": 582,
      },
      "c": Object {
        "height": 9,
        "width": 13,
        "x": 184,
        "y": 582,
      },
      "d": Object {
        "height": 9,
        "width": 13,
        "x": 206,
        "y": 582,
      },
    },
    "q19": Object {
      "a": Object {
        "height": 9,
        "width": 13,
        "x": 138,
        "y": 609,
      },
      "b": Object {
        "height": 9,
        "width": 13,
        "x": 161,
        "y": 609,
      },
      "c": Object {
        "height": 9,
        "width": 13,
        "x": 184,
        "y": 609,
      },
      "d": Object {
        "height": 9,
        "width": 13,
        "x": 206,
        "y": 609,
      },
    },
    "q2": Object {
      "a": Object {
        "height": 9,
        "width": 13,
        "x": 27,
        "y": 475,
      },
      "b": Object {
        "height": 9,
        "width": 13,
        "x": 50,
        "y": 475,
      },
      "c": Object {
        "height": 9,
        "width": 13,
        "x": 72,
        "y": 475,
      },
      "d": Object {
        "height": 9,
        "width": 13,
        "x": 95,
        "y": 475,
      },
    },
    "q20": Object {
      "a": Object {
        "height": 9,
        "width": 13,
        "x": 138,
        "y": 635,
      },
      "b": Object {
        "height": 9,
        "width": 13,
        "x": 161,
        "y": 635,
      },
      "c": Object {
        "height": 9,
        "width": 13,
        "x": 184,
        "y": 635,
      },
      "d": Object {
        "height": 9,
        "width": 13,
        "x": 206,
        "y": 635,
      },
    },
    "q21": Object {
      "a": Object {
        "height": 9,
        "width": 13,
        "x": 138,
        "y": 662,
      },
      "b": Object {
        "height": 9,
        "width": 13,
        "x": 161,
        "y": 662,
      },
      "c": Object {
        "height": 9,
        "width": 13,
        "x": 184,
        "y": 662,
      },
      "d": Object {
        "height": 9,
        "width": 13,
        "x": 206,
        "y": 662,
      },
    },
    "q22": Object {
      "a": Object {
        "height": 9,
        "width": 13,
        "x": 138,
        "y": 689,
      },
      "b": Object {
        "height": 9,
        "width": 13,
        "x": 161,
        "y": 689,
      },
      "c": Object {
        "height": 9,
        "width": 13,
        "x": 184,
        "y": 689,
      },
      "d": Object {
        "height": 9,
        "width": 13,
        "x": 206,
        "y": 689,
      },
    },
    "q23": Object {
      "a": Object {
        "height": 9,
        "width": 13,
        "x": 138,
        "y": 715,
      },
      "b": Object {
        "height": 9,
        "width": 13,
        "x": 161,
        "y": 715,
      },
      "c": Object {
        "height": 9,
        "width": 13,
        "x": 184,
        "y": 715,
      },
      "d": Object {
        "height": 9,
        "width": 13,
        "x": 206,
        "y": 715,
      },
    },
    "q24": Object {
      "a": Object {
        "height": 9,
        "width": 13,
        "x": 138,
        "y": 742,
      },
      "b": Object {
        "height": 9,
        "width": 13,
        "x": 161,
        "y": 742,
      },
      "c": Object {
        "height": 9,
        "width": 13,
        "x": 184,
        "y": 742,
      },
      "d": Object {
        "height": 9,
        "width": 13,
        "x": 206,
        "y": 742,
      },
    },
    "q25": Object {
      "a": Object {
        "height": 9,
        "width": 13,
        "x": 249,
        "y": 449,
      },
      "b": Object {
        "height": 9,
        "width": 13,
        "x": 272,
        "y": 449,
      },
      "c": Object {
        "height": 9,
        "width": 13,
        "x": 295,
        "y": 449,
      },
      "d": Object {
        "height": 9,
        "width": 13,
        "x": 318,
        "y": 449,
      },
    },
    "q26": Object {
      "a": Object {
        "height": 9,
        "width": 13,
        "x": 249,
        "y": 475,
      },
      "b": Object {
        "height": 9,
        "width": 13,
        "x": 272,
        "y": 475,
      },
      "c": Object {
        "height": 9,
        "width": 13,
        "x": 295,
        "y": 475,
      },
      "d": Object {
        "height": 9,
        "width": 13,
        "x": 318,
        "y": 475,
      },
    },
    "q27": Object {
      "a": Object {
        "height": 9,
        "width": 13,
        "x": 249,
        "y": 502,
      },
      "b": Object {
        "height": 9,
        "width": 13,
        "x": 272,
        "y": 502,
      },
      "c": Object {
        "height": 9,
        "width": 13,
        "x": 295,
        "y": 502,
      },
      "d": Object {
        "height": 9,
        "width": 13,
        "x": 318,
        "y": 502,
      },
    },
    "q28": Object {
      "a": Object {
        "height": 9,
        "width": 13,
        "x": 249,
        "y": 529,
      },
      "b": Object {
        "height": 9,
        "width": 13,
        "x": 272,
        "y": 529,
      },
      "c": Object {
        "height": 9,
        "width": 13,
        "x": 295,
        "y": 529,
      },
      "d": Object {
        "height": 9,
        "width": 13,
        "x": 318,
        "y": 529,
      },
    },
    "q29": Object {
      "a": Object {
        "height": 9,
        "width": 13,
        "x": 249,
        "y": 555,
      },
      "b": Object {
        "height": 9,
        "width": 13,
        "x": 272,
        "y": 555,
      },
      "c": Object {
        "height": 9,
        "width": 13,
        "x": 295,
        "y": 555,
      },
      "d": Object {
        "height": 9,
        "width": 13,
        "x": 318,
        "y": 555,
      },
    },
    "q3": Object {
      "a": Object {
        "height": 9,
        "width": 13,
        "x": 27,
        "y": 502,
      },
      "b": Object {
        "height": 9,
        "width": 13,
        "x": 50,
        "y": 502,
      },
      "c": Object {
        "height": 9,
        "width": 13,
        "x": 72,
        "y": 502,
      },
      "d": Object {
        "height": 9,
        "width": 13,
        "x": 95,
        "y": 502,
      },
    },
    "q30": Object {
      "a": Object {
        "height": 9,
        "width": 13,
        "x": 249,
        "y": 582,
      },
      "b": Object {
        "height": 9,
        "width": 13,
        "x": 272,
        "y": 582,
      },
      "c": Object {
        "height": 9,
        "width": 13,
        "x": 295,
        "y": 582,
      },
      "d": Object {
        "height": 9,
        "width": 13,
        "x": 318,
        "y": 582,
      },
    },
    "q31": Object {
      "a": Object {
        "height": 9,
        "width": 13,
        "x": 249,
        "y": 609,
      },
      "b": Object {
        "height": 9,
        "width": 13,
        "x": 272,
        "y": 609,
      },
      "c": Object {
        "height": 9,
        "width": 13,
        "x": 295,
        "y": 609,
      },
      "d": Object {
        "height": 9,
        "width": 13,
        "x": 318,
        "y": 609,
      },
    },
    "q32": Object {
      "a": Object {
        "height": 9,
        "width": 13,
        "x": 249,
        "y": 635,
      },
      "b": Object {
        "height": 9,
        "width": 13,
        "x": 272,
        "y": 635,
      },
      "c": Object {
        "height": 9,
        "width": 13,
        "x": 295,
        "y": 635,
      },
      "d": Object {
        "height": 9,
        "width": 13,
        "x": 318,
        "y": 635,
      },
    },
    "q33": Object {
      "a": Object {
        "height": 9,
        "width": 13,
        "x": 249,
        "y": 662,
      },
      "b": Object {
        "height": 9,
        "width": 13,
        "x": 272,
        "y": 662,
      },
      "c": Object {
        "height": 9,
        "width": 13,
        "x": 295,
        "y": 662,
      },
      "d": Object {
        "height": 9,
        "width": 13,
        "x": 318,
        "y": 662,
      },
    },
    "q34": Object {
      "a": Object {
        "height": 9,
        "width": 13,
        "x": 249,
        "y": 689,
      },
      "b": Object {
        "height": 9,
        "width": 13,
        "x": 272,
        "y": 689,
      },
      "c": Object {
        "height": 9,
        "width": 13,
        "x": 295,
        "y": 689,
      },
      "d": Object {
        "height": 9,
        "width": 13,
        "x": 318,
        "y": 689,
      },
    },
    "q35": Object {
      "a": Object {
        "height": 9,
        "width": 13,
        "x": 249,
        "y": 715,
      },
      "b": Object {
        "height": 9,
        "width": 13,
        "x": 272,
        "y": 715,
      },
      "c": Object {
        "height": 9,
        "width": 13,
        "x": 295,
        "y": 715,
      },
      "d": Object {
        "height": 9,
        "width": 13,
        "x": 318,
        "y": 715,
      },
    },
    "q36": Object {
      "a": Object {
        "height": 9,
        "width": 13,
        "x": 249,
        "y": 742,
      },
      "b": Object {
        "height": 9,
        "width": 13,
        "x": 272,
        "y": 742,
      },
      "c": Object {
        "height": 9,
        "width": 13,
        "x": 295,
        "y": 742,
      },
      "d": Object {
        "height": 9,
        "width": 13,
        "x": 318,
        "y": 742,
      },
    },
    "q37": Object {
      "a": Object {
        "height": 9,
        "width": 13,
        "x": 361,
        "y": 449,
      },
      "b": Object {
        "height": 9,
        "width": 13,
        "x": 383,
        "y": 449,
      },
      "c": Object {
        "height": 9,
        "width": 13,
        "x": 406,
        "y": 449,
      },
      "d": Object {
        "height": 9,
        "width": 13,
        "x": 429,
        "y": 449,
      },
    },
    "q38": Object {
      "a": Object {
        "height": 9,
        "width": 13,
        "x": 361,
        "y": 475,
      },
      "b": Object {
        "height": 9,
        "width": 13,
        "x": 383,
        "y": 475,
      },
      "c": Object {
        "height": 9,
        "width": 13,
        "x": 406,
        "y": 475,
      },
      "d": Object {
        "height": 9,
        "width": 13,
        "x": 429,
        "y": 475,
      },
    },
    "q39": Object {
      "a": Object {
        "height": 9,
        "width": 13,
        "x": 361,
        "y": 502,
      },
      "b": Object {
        "height": 9,
        "width": 13,
        "x": 383,
        "y": 502,
      },
      "c": Object {
        "height": 9,
        "width": 13,
        "x": 406,
        "y": 502,
      },
      "d": Object {
        "height": 9,
        "width": 13,
        "x": 429,
        "y": 502,
      },
    },
    "q4": Object {
      "a": Object {
        "height": 9,
        "width": 13,
        "x": 27,
        "y": 529,
      },
      "b": Object {
        "height": 9,
        "width": 13,
        "x": 50,
        "y": 529,
      },
      "c": Object {
        "height": 9,
        "width": 13,
        "x": 72,
        "y": 529,
      },
      "d": Object {
        "height": 9,
        "width": 13,
        "x": 95,
        "y": 529,
      },
    },
    "q40": Object {
      "a": Object {
        "height": 9,
        "width": 13,
        "x": 361,
        "y": 529,
      },
      "b": Object {
        "height": 9,
        "width": 13,
        "x": 383,
        "y": 529,
      },
      "c": Object {
        "height": 9,
        "width": 13,
        "x": 406,
        "y": 529,
      },
      "d": Object {
        "height": 9,
        "width": 13,
        "x": 429,
        "y": 529,
      },
    },
    "q41": Object {
      "a": Object {
        "height": 9,
        "width": 13,
        "x": 361,
        "y": 555,
      },
      "b": Object {
        "height": 9,
        "width": 13,
        "x": 383,
        "y": 555,
      },
      "c": Object {
        "height": 9,
        "width": 13,
        "x": 406,
        "y": 555,
      },
      "d": Object {
        "height": 9,
        "width": 13,
        "x": 429,
        "y": 555,
      },
    },
    "q42": Object {
      "a": Object {
        "height": 9,
        "width": 13,
        "x": 361,
        "y": 582,
      },
      "b": Object {
        "height": 9,
        "width": 13,
        "x": 383,
        "y": 582,
      },
      "c": Object {
        "height": 9,
        "width": 13,
        "x": 406,
        "y": 582,
      },
      "d": Object {
        "height": 9,
        "width": 13,
        "x": 429,
        "y": 582,
      },
    },
    "q43": Object {
      "a": Object {
        "height": 9,
        "width": 13,
        "x": 361,
        "y": 609,
      },
      "b": Object {
        "height": 9,
        "width": 13,
        "x": 383,
        "y": 609,
      },
      "c": Object {
        "height": 9,
        "width": 13,
        "x": 406,
        "y": 609,
      },
      "d": Object {
        "height": 9,
        "width": 13,
        "x": 429,
        "y": 609,
      },
    },
    "q44": Object {
      "a": Object {
        "height": 9,
        "width": 13,
        "x": 361,
        "y": 635,
      },
      "b": Object {
        "height": 9,
        "width": 13,
        "x": 383,
        "y": 635,
      },
      "c": Object {
        "height": 9,
        "width": 13,
        "x": 406,
        "y": 635,
      },
      "d": Object {
        "height": 9,
        "width": 13,
        "x": 429,
        "y": 635,
      },
    },
    "q45": Object {
      "a": Object {
        "height": 9,
        "width": 13,
        "x": 361,
        "y": 662,
      },
      "b": Object {
        "height": 9,
        "width": 13,
        "x": 383,
        "y": 662,
      },
      "c": Object {
        "height": 9,
        "width": 13,
        "x": 406,
        "y": 662,
      },
      "d": Object {
        "height": 9,
        "width": 13,
        "x": 429,
        "y": 662,
      },
    },
    "q46": Object {
      "a": Object {
        "height": 9,
        "width": 13,
        "x": 361,
        "y": 689,
      },
      "b": Object {
        "height": 9,
        "width": 13,
        "x": 383,
        "y": 689,
      },
      "c": Object {
        "height": 9,
        "width": 13,
        "x": 406,
        "y": 689,
      },
      "d": Object {
        "height": 9,
        "width": 13,
        "x": 429,
        "y": 689,
      },
    },
    "q47": Object {
      "a": Object {
        "height": 9,
        "width": 13,
        "x": 361,
        "y": 715,
      },
      "b": Object {
        "height": 9,
        "width": 13,
        "x": 383,
        "y": 715,
      },
      "c": Object {
        "height": 9,
        "width": 13,
        "x": 406,
        "y": 715,
      },
      "d": Object {
        "height": 9,
        "width": 13,
        "x": 429,
        "y": 715,
      },
    },
    "q48": Object {
      "a": Object {
        "height": 9,
        "width": 13,
        "x": 361,
        "y": 742,
      },
      "b": Object {
        "height": 9,
        "width": 13,
        "x": 383,
        "y": 742,
      },
      "c": Object {
        "height": 9,
        "width": 13,
        "x": 406,
        "y": 742,
      },
      "d": Object {
        "height": 9,
        "width": 13,
        "x": 429,
        "y": 742,
      },
    },
    "q49": Object {
      "a": Object {
        "height": 9,
        "width": 13,
        "x": 472,
        "y": 449,
      },
      "b": Object {
        "height": 9,
        "width": 13,
        "x": 495,
        "y": 449,
      },
      "c": Object {
        "height": 9,
        "width": 13,
        "x": 517,
        "y": 449,
      },
      "d": Object {
        "height": 9,
        "width": 13,
        "x": 540,
        "y": 449,
      },
    },
    "q5": Object {
      "a": Object {
        "height": 9,
        "width": 13,
        "x": 27,
        "y": 555,
      },
      "b": Object {
        "height": 9,
        "width": 13,
        "x": 50,
        "y": 555,
      },
      "c": Object {
        "height": 9,
        "width": 13,
        "x": 72,
        "y": 555,
      },
      "d": Object {
        "height": 9,
        "width": 13,
        "x": 95,
        "y": 555,
      },
    },
    "q50": Object {
      "a": Object {
        "height": 9,
        "width": 13,
        "x": 472,
        "y": 475,
      },
      "b": Object {
        "height": 9,
        "width": 13,
        "x": 495,
        "y": 475,
      },
      "c": Object {
        "height": 9,
        "width": 13,
        "x": 517,
        "y": 475,
      },
      "d": Object {
        "height": 9,
        "width": 13,
        "x": 540,
        "y": 475,
      },
    },
    "q51": Object {
      "a": Object {
        "height": 9,
        "width": 13,
        "x": 472,
        "y": 502,
      },
      "b": Object {
        "height": 9,
        "width": 13,
        "x": 495,
        "y": 502,
      },
      "c": Object {
        "height": 9,
        "width": 13,
        "x": 517,
        "y": 502,
      },
      "d": Object {
        "height": 9,
        "width": 13,
        "x": 540,
        "y": 502,
      },
    },
    "q52": Object {
      "a": Object {
        "height": 9,
        "width": 13,
        "x": 472,
        "y": 529,
      },
      "b": Object {
        "height": 9,
        "width": 13,
        "x": 495,
        "y": 529,
      },
      "c": Object {
        "height": 9,
        "width": 13,
        "x": 517,
        "y": 529,
      },
      "d": Object {
        "height": 9,
        "width": 13,
        "x": 540,
        "y": 529,
      },
    },
    "q53": Object {
      "a": Object {
        "height": 9,
        "width": 13,
        "x": 472,
        "y": 555,
      },
      "b": Object {
        "height": 9,
        "width": 13,
        "x": 495,
        "y": 555,
      },
      "c": Object {
        "height": 9,
        "width": 13,
        "x": 517,
        "y": 555,
      },
      "d": Object {
        "height": 9,
        "width": 13,
        "x": 540,
        "y": 555,
      },
    },
    "q54": Object {
      "a": Object {
        "height": 9,
        "width": 13,
        "x": 472,
        "y": 582,
      },
      "b": Object {
        "height": 9,
        "width": 13,
        "x": 495,
        "y": 582,
      },
      "c": Object {
        "height": 9,
        "width": 13,
        "x": 517,
        "y": 582,
      },
      "d": Object {
        "height": 9,
        "width": 13,
        "x": 540,
        "y": 582,
      },
    },
    "q55": Object {
      "a": Object {
        "height": 9,
        "width": 13,
        "x": 472,
        "y": 609,
      },
      "b": Object {
        "height": 9,
        "width": 13,
        "x": 495,
        "y": 609,
      },
      "c": Object {
        "height": 9,
        "width": 13,
        "x": 517,
        "y": 609,
      },
      "d": Object {
        "height": 9,
        "width": 13,
        "x": 540,
        "y": 609,
      },
    },
    "q56": Object {
      "a": Object {
        "height": 9,
        "width": 13,
        "x": 472,
        "y": 635,
      },
      "b": Object {
        "height": 9,
        "width": 13,
        "x": 495,
        "y": 635,
      },
      "c": Object {
        "height": 9,
        "width": 13,
        "x": 517,
        "y": 635,
      },
      "d": Object {
        "height": 9,
        "width": 13,
        "x": 540,
        "y": 635,
      },
    },
    "q57": Object {
      "a": Object {
        "height": 9,
        "width": 13,
        "x": 472,
        "y": 662,
      },
      "b": Object {
        "height": 9,
        "width": 13,
        "x": 495,
        "y": 662,
      },
      "c": Object {
        "height": 9,
        "width": 13,
        "x": 517,
        "y": 662,
      },
      "d": Object {
        "height": 9,
        "width": 13,
        "x": 540,
        "y": 662,
      },
    },
    "q58": Object {
      "a": Object {
        "height": 9,
        "width": 13,
        "x": 472,
        "y": 689,
      },
      "b": Object {
        "height": 9,
        "width": 13,
        "x": 495,
        "y": 689,
      },
      "c": Object {
        "height": 9,
        "width": 13,
        "x": 517,
        "y": 689,
      },
      "d": Object {
        "height": 9,
        "width": 13,
        "x": 540,
        "y": 689,
      },
    },
    "q59": Object {
      "a": Object {
        "height": 9,
        "width": 13,
        "x": 472,
        "y": 715,
      },
      "b": Object {
        "height": 9,
        "width": 13,
        "x": 495,
        "y": 715,
      },
      "c": Object {
        "height": 9,
        "width": 13,
        "x": 517,
        "y": 715,
      },
      "d": Object {
        "height": 9,
        "width": 13,
        "x": 540,
        "y": 715,
      },
    },
    "q6": Object {
      "a": Object {
        "height": 9,
        "width": 13,
        "x": 27,
        "y": 582,
      },
      "b": Object {
        "height": 9,
        "width": 13,
        "x": 50,
        "y": 582,
      },
      "c": Object {
        "height": 9,
        "width": 13,
        "x": 72,
        "y": 582,
      },
      "d": Object {
        "height": 9,
        "width": 13,
        "x": 95,
        "y": 582,
      },
    },
    "q60": Object {
      "a": Object {
        "height": 9,
        "width": 13,
        "x": 472,
        "y": 742,
      },
      "b": Object {
        "height": 9,
        "width": 13,
        "x": 495,
        "y": 742,
      },
      "c": Object {
        "height": 9,
        "width": 13,
        "x": 517,
        "y": 742,
      },
      "d": Object {
        "height": 9,
        "width": 13,
        "x": 540,
        "y": 742,
      },
    },
    "q7": Object {
      "a": Object {
        "height": 9,
        "width": 13,
        "x": 27,
        "y": 609,
      },
      "b": Object {
        "height": 9,
        "width": 13,
        "x": 50,
        "y": 609,
      },
      "c": Object {
        "height": 9,
        "width": 13,
        "x": 72,
        "y": 609,
      },
      "d": Object {
        "height": 9,
        "width": 13,
        "x": 95,
        "y": 609,
      },
    },
    "q8": Object {
      "a": Object {
        "height": 9,
        "width": 13,
        "x": 27,
        "y": 635,
      },
      "b": Object {
        "height": 9,
        "width": 13,
        "x": 50,
        "y": 635,
      },
      "c": Object {
        "height": 9,
        "width": 13,
        "x": 72,
        "y": 635,
      },
      "d": Object {
        "height": 9,
        "width": 13,
        "x": 95,
        "y": 635,
      },
    },
    "q9": Object {
      "a": Object {
        "height": 9,
        "width": 13,
        "x": 27,
        "y": 662,
      },
      "b": Object {
        "height": 9,
        "width": 13,
        "x": 50,
        "y": 662,
      },
      "c": Object {
        "height": 9,
        "width": 13,
        "x": 72,
        "y": 662,
      },
      "d": Object {
        "height": 9,
        "width": 13,
        "x": 95,
        "y": 662,
      },
    },
  },
  "rollNo": Object {
    "height": 80,
    "width": 399,
    "x": 147,
    "y": 40,
  },
  "width": 559,
}
`;
