// Jest Snapshot v1, https://goo.gl/fbAQLP

exports[`importExcelToJson works 1`] = `
Array [
  Object {
    "correctCount": 0,
    "id": "df8c9ffe-db95-4ccd-a43e-0646905e4992",
    "imageFile": "D:/Current/image-parsing/__tests__/_data/images-barcode//no-roll.jpg",
    "incorrectCount": 0,
    "isCompiled": false,
    "isRollNoExtracted": false,
    "marks": 0,
    "post": 1,
    "q1": "D",
    "q10": "D",
    "q11": "C",
    "q12": "D",
    "q13": "C",
    "q14": "B",
    "q15": "A",
    "q16": "B",
    "q17": "C",
    "q18": "B",
    "q19": "C",
    "q2": "D",
    "q20": "A",
    "q21": "D",
    "q22": "D",
    "q23": "*",
    "q24": "D",
    "q25": "D",
    "q26": "C",
    "q27": "C",
    "q28": "A",
    "q29": "B",
    "q3": "C",
    "q30": "C",
    "q31": "B",
    "q32": "A",
    "q33": "D",
    "q34": "B",
    "q35": "A",
    "q36": "B",
    "q37": "C",
    "q38": "D",
    "q39": "A",
    "q4": "A",
    "q40": "B",
    "q41": "C",
    "q42": "A",
    "q43": "A",
    "q44": "C",
    "q45": "B",
    "q46": "D",
    "q47": "A",
    "q48": "C",
    "q49": "A",
    "q5": "C",
    "q50": "D",
    "q51": "D",
    "q52": "B",
    "q53": "B",
    "q54": "D",
    "q55": "D",
    "q56": "D",
    "q57": "B",
    "q58": "B",
    "q59": "D",
    "q6": "D",
    "q60": "D",
    "q7": "C",
    "q8": "A",
    "q9": "C",
    "questionPaperType": 1,
    "skippedCount": 0,
    "testCenter": 1,
    "testTime": 1,
    "totalMarks": 0,
    "unattemptedCount": 0,
  },
  Object {
    "correctCount": 0,
    "id": "eab21561-d52c-485f-8b94-f84e8919bc9e",
    "imageFile": "D:/Current/image-parsing/__tests__/_data/images-barcode//10023.jpg",
    "incorrectCount": 0,
    "isCompiled": false,
    "isRollNoExtracted": true,
    "marks": 0,
    "post": 1,
    "q1": "D",
    "q10": "D",
    "q11": "C",
    "q12": "D",
    "q13": "C",
    "q14": "B",
    "q15": "A",
    "q16": "B",
    "q17": "C",
    "q18": "B",
    "q19": "C",
    "q2": "D",
    "q20": "A",
    "q21": "D",
    "q22": "D",
    "q23": "*",
    "q24": "D",
    "q25": "D",
    "q26": "C",
    "q27": "C",
    "q28": "A",
    "q29": "B",
    "q3": "C",
    "q30": "C",
    "q31": "B",
    "q32": "A",
    "q33": "D",
    "q34": "B",
    "q35": "A",
    "q36": "B",
    "q37": "C",
    "q38": "D",
    "q39": "A",
    "q4": "A",
    "q40": "B",
    "q41": "C",
    "q42": "A",
    "q43": "A",
    "q44": "C",
    "q45": "B",
    "q46": "D",
    "q47": "A",
    "q48": "C",
    "q49": "A",
    "q5": "C",
    "q50": "D",
    "q51": "D",
    "q52": "B",
    "q53": "B",
    "q54": "D",
    "q55": "D",
    "q56": "D",
    "q57": "B",
    "q58": "B",
    "q59": "D",
    "q6": "D",
    "q60": "D",
    "q7": "C",
    "q8": "A",
    "q9": "C",
    "questionPaperType": 1,
    "rollNo": "10023",
    "skippedCount": 0,
    "testCenter": 1,
    "testTime": 1,
    "totalMarks": 0,
    "unattemptedCount": 0,
  },
  Object {
    "correctCount": 0,
    "id": "1c0e9adc-a474-4e33-babd-0aa3a67463e0",
    "imageFile": "D:/Current/image-parsing/__tests__/_data/images-barcode//10025.tif",
    "incorrectCount": 0,
    "isCompiled": false,
    "isRollNoExtracted": true,
    "marks": 0,
    "post": 1,
    "q1": "D",
    "q10": "*",
    "q11": "B",
    "q12": "D",
    "q13": "B",
    "q14": "A",
    "q15": "D",
    "q16": "C",
    "q17": "B",
    "q18": "A",
    "q19": "C",
    "q2": "B",
    "q20": "B",
    "q21": "A",
    "q22": "*",
    "q23": "A",
    "q24": "*",
    "q25": "A",
    "q26": "B",
    "q27": "A",
    "q28": "B",
    "q29": "D",
    "q3": "D",
    "q30": "A",
    "q31": "B",
    "q32": "A",
    "q33": "B",
    "q34": "B",
    "q35": "A",
    "q36": "C",
    "q37": "*",
    "q38": "A",
    "q39": "A",
    "q4": "A",
    "q40": "A",
    "q41": "A",
    "q42": "*",
    "q43": "A",
    "q44": "C",
    "q45": "B",
    "q46": "A",
    "q47": "*",
    "q48": "B",
    "q49": "A",
    "q5": "C",
    "q50": "D",
    "q51": "A",
    "q52": "B",
    "q53": "B",
    "q54": "D",
    "q55": "*",
    "q56": "B",
    "q57": "A",
    "q58": "D",
    "q59": "A",
    "q6": "D",
    "q60": "A",
    "q7": "C",
    "q8": "A",
    "q9": "D",
    "questionPaperType": 1,
    "rollNo": "10025",
    "skippedCount": 0,
    "testCenter": 1,
    "testTime": 1,
    "totalMarks": 0,
    "unattemptedCount": 0,
  },
]
`;
