// Jest Snapshot v1, https://goo.gl/fbAQLP

exports[`readKey should read excel keys 1`] = `
Object {
  "answers": Object {
    "q1": Object {
      "correct": false,
      "skipped": false,
      "unattempted": false,
      "value": "D",
    },
    "q10": Object {
      "correct": false,
      "skipped": false,
      "unattempted": false,
      "value": "C",
    },
    "q11": Object {
      "correct": false,
      "skipped": false,
      "unattempted": false,
      "value": "B",
    },
    "q12": Object {
      "correct": false,
      "skipped": false,
      "unattempted": false,
      "value": "D",
    },
    "q13": Object {
      "correct": false,
      "skipped": false,
      "unattempted": false,
      "value": "B",
    },
    "q14": Object {
      "correct": false,
      "skipped": false,
      "unattempted": false,
      "value": "A",
    },
    "q15": Object {
      "correct": false,
      "skipped": false,
      "unattempted": false,
      "value": "D",
    },
    "q16": Object {
      "correct": false,
      "skipped": false,
      "unattempted": false,
      "value": "C",
    },
    "q17": Object {
      "correct": false,
      "skipped": false,
      "unattempted": false,
      "value": "B",
    },
    "q18": Object {
      "correct": false,
      "skipped": false,
      "unattempted": false,
      "value": "A",
    },
    "q19": Object {
      "correct": false,
      "skipped": false,
      "unattempted": false,
      "value": "C",
    },
    "q2": Object {
      "correct": false,
      "skipped": false,
      "unattempted": false,
      "value": "B",
    },
    "q20": Object {
      "correct": false,
      "skipped": false,
      "unattempted": false,
      "value": "B",
    },
    "q21": Object {
      "correct": false,
      "skipped": false,
      "unattempted": false,
      "value": "A",
    },
    "q22": Object {
      "correct": false,
      "skipped": false,
      "unattempted": false,
      "value": "B",
    },
    "q23": Object {
      "correct": false,
      "skipped": false,
      "unattempted": false,
      "value": "A",
    },
    "q24": Object {
      "correct": false,
      "skipped": false,
      "unattempted": false,
      "value": "B",
    },
    "q25": Object {
      "correct": false,
      "skipped": false,
      "unattempted": false,
      "value": "A",
    },
    "q26": Object {
      "correct": false,
      "skipped": false,
      "unattempted": false,
      "value": "B",
    },
    "q27": Object {
      "correct": false,
      "skipped": false,
      "unattempted": false,
      "value": "A",
    },
    "q28": Object {
      "correct": false,
      "skipped": false,
      "unattempted": false,
      "value": "B",
    },
    "q29": Object {
      "correct": false,
      "skipped": false,
      "unattempted": false,
      "value": "D",
    },
    "q3": Object {
      "correct": false,
      "skipped": false,
      "unattempted": false,
      "value": "D",
    },
    "q30": Object {
      "correct": false,
      "skipped": false,
      "unattempted": false,
      "value": "A",
    },
    "q31": Object {
      "correct": false,
      "skipped": false,
      "unattempted": false,
      "value": "B",
    },
    "q32": Object {
      "correct": false,
      "skipped": false,
      "unattempted": false,
      "value": "A",
    },
    "q33": Object {
      "correct": false,
      "skipped": false,
      "unattempted": false,
      "value": "B",
    },
    "q34": Object {
      "correct": false,
      "skipped": false,
      "unattempted": false,
      "value": "B",
    },
    "q35": Object {
      "correct": false,
      "skipped": false,
      "unattempted": false,
      "value": "A",
    },
    "q36": Object {
      "correct": false,
      "skipped": false,
      "unattempted": false,
      "value": "C",
    },
    "q37": Object {
      "correct": false,
      "skipped": false,
      "unattempted": false,
      "value": "B",
    },
    "q38": Object {
      "correct": false,
      "skipped": false,
      "unattempted": false,
      "value": "A",
    },
    "q39": Object {
      "correct": false,
      "skipped": false,
      "unattempted": false,
      "value": "A",
    },
    "q4": Object {
      "correct": false,
      "skipped": false,
      "unattempted": false,
      "value": "A",
    },
    "q40": Object {
      "correct": false,
      "skipped": false,
      "unattempted": false,
      "value": "A",
    },
    "q41": Object {
      "correct": false,
      "skipped": false,
      "unattempted": false,
      "value": "A",
    },
    "q42": Object {
      "correct": false,
      "skipped": false,
      "unattempted": false,
      "value": "C",
    },
    "q43": Object {
      "correct": false,
      "skipped": false,
      "unattempted": false,
      "value": "A",
    },
    "q44": Object {
      "correct": false,
      "skipped": false,
      "unattempted": false,
      "value": "C",
    },
    "q45": Object {
      "correct": false,
      "skipped": false,
      "unattempted": false,
      "value": "B",
    },
    "q46": Object {
      "correct": false,
      "skipped": false,
      "unattempted": false,
      "value": "A",
    },
    "q47": Object {
      "correct": false,
      "skipped": false,
      "unattempted": false,
      "value": "C",
    },
    "q48": Object {
      "correct": false,
      "skipped": false,
      "unattempted": false,
      "value": "B",
    },
    "q49": Object {
      "correct": false,
      "skipped": false,
      "unattempted": false,
      "value": "A",
    },
    "q5": Object {
      "correct": false,
      "skipped": false,
      "unattempted": false,
      "value": "C",
    },
    "q50": Object {
      "correct": false,
      "skipped": false,
      "unattempted": false,
      "value": "D",
    },
    "q51": Object {
      "correct": false,
      "skipped": false,
      "unattempted": false,
      "value": "A",
    },
    "q52": Object {
      "correct": false,
      "skipped": false,
      "unattempted": false,
      "value": "B",
    },
    "q53": Object {
      "correct": false,
      "skipped": false,
      "unattempted": false,
      "value": "B",
    },
    "q54": Object {
      "correct": false,
      "skipped": false,
      "unattempted": false,
      "value": "D",
    },
    "q55": Object {
      "correct": false,
      "skipped": false,
      "unattempted": false,
      "value": "B",
    },
    "q56": Object {
      "correct": false,
      "skipped": false,
      "unattempted": false,
      "value": "B",
    },
    "q57": Object {
      "correct": false,
      "skipped": false,
      "unattempted": false,
      "value": "A",
    },
    "q58": Object {
      "correct": false,
      "skipped": false,
      "unattempted": false,
      "value": "D",
    },
    "q59": Object {
      "correct": false,
      "skipped": false,
      "unattempted": false,
      "value": "A",
    },
    "q6": Object {
      "correct": false,
      "skipped": false,
      "unattempted": false,
      "value": "D",
    },
    "q60": Object {
      "correct": false,
      "skipped": false,
      "unattempted": false,
      "value": "A",
    },
    "q7": Object {
      "correct": false,
      "skipped": false,
      "unattempted": false,
      "value": "C",
    },
    "q8": Object {
      "correct": false,
      "skipped": false,
      "unattempted": false,
      "value": "A",
    },
    "q9": Object {
      "correct": false,
      "skipped": false,
      "unattempted": false,
      "value": "D",
    },
  },
  "correctCount": 0,
  "id": Any<String>,
  "imageFile": undefined,
  "incorrectCount": 0,
  "isCompiled": false,
  "isRollNoExtracted": true,
  "marks": 0,
  "post": 1,
  "questionPaperType": 1,
  "rollNo": "key",
  "skippedCount": 0,
  "testCenter": 1,
  "testTime": 1,
  "totalMarks": 0,
  "unattemptedCount": 0,
}
`;

exports[`readKey should read image keys 1`] = `
Object {
  "answers": Object {
    "Q1": Object {
      "correct": false,
      "skipped": false,
      "unattempted": false,
      "value": "A",
    },
    "Q10": Object {
      "correct": false,
      "skipped": false,
      "unattempted": false,
      "value": "A",
    },
    "Q11": Object {
      "correct": false,
      "skipped": false,
      "unattempted": false,
      "value": "A",
    },
    "Q12": Object {
      "correct": false,
      "skipped": false,
      "unattempted": false,
      "value": "A",
    },
    "Q13": Object {
      "correct": false,
      "skipped": false,
      "unattempted": false,
      "value": "A",
    },
    "Q14": Object {
      "correct": false,
      "skipped": false,
      "unattempted": false,
      "value": "A",
    },
    "Q15": Object {
      "correct": false,
      "skipped": false,
      "unattempted": false,
      "value": "A",
    },
    "Q16": Object {
      "correct": false,
      "skipped": false,
      "unattempted": false,
      "value": "A",
    },
    "Q17": Object {
      "correct": false,
      "skipped": false,
      "unattempted": false,
      "value": "A",
    },
    "Q18": Object {
      "correct": false,
      "skipped": false,
      "unattempted": false,
      "value": "A",
    },
    "Q19": Object {
      "correct": false,
      "skipped": false,
      "unattempted": false,
      "value": "A",
    },
    "Q2": Object {
      "correct": false,
      "skipped": false,
      "unattempted": false,
      "value": "A",
    },
    "Q20": Object {
      "correct": false,
      "skipped": false,
      "unattempted": false,
      "value": "A",
    },
    "Q21": Object {
      "correct": false,
      "skipped": false,
      "unattempted": false,
      "value": "A",
    },
    "Q22": Object {
      "correct": false,
      "skipped": false,
      "unattempted": false,
      "value": "A",
    },
    "Q23": Object {
      "correct": false,
      "skipped": false,
      "unattempted": false,
      "value": "A",
    },
    "Q24": Object {
      "correct": false,
      "skipped": false,
      "unattempted": false,
      "value": "A",
    },
    "Q25": Object {
      "correct": false,
      "skipped": false,
      "unattempted": false,
      "value": "A",
    },
    "Q26": Object {
      "correct": false,
      "skipped": false,
      "unattempted": false,
      "value": "A",
    },
    "Q27": Object {
      "correct": false,
      "skipped": false,
      "unattempted": false,
      "value": "A",
    },
    "Q28": Object {
      "correct": false,
      "skipped": false,
      "unattempted": false,
      "value": "A",
    },
    "Q29": Object {
      "correct": false,
      "skipped": false,
      "unattempted": false,
      "value": "A",
    },
    "Q3": Object {
      "correct": false,
      "skipped": false,
      "unattempted": false,
      "value": "A",
    },
    "Q30": Object {
      "correct": false,
      "skipped": false,
      "unattempted": false,
      "value": "A",
    },
    "Q31": Object {
      "correct": false,
      "skipped": false,
      "unattempted": false,
      "value": "A",
    },
    "Q32": Object {
      "correct": false,
      "skipped": false,
      "unattempted": false,
      "value": "A",
    },
    "Q33": Object {
      "correct": false,
      "skipped": false,
      "unattempted": false,
      "value": "A",
    },
    "Q34": Object {
      "correct": false,
      "skipped": false,
      "unattempted": false,
      "value": "A",
    },
    "Q35": Object {
      "correct": false,
      "skipped": false,
      "unattempted": false,
      "value": "A",
    },
    "Q36": Object {
      "correct": false,
      "skipped": false,
      "unattempted": false,
      "value": "A",
    },
    "Q37": Object {
      "correct": false,
      "skipped": false,
      "unattempted": false,
      "value": "A",
    },
    "Q38": Object {
      "correct": false,
      "skipped": false,
      "unattempted": false,
      "value": "A",
    },
    "Q39": Object {
      "correct": false,
      "skipped": false,
      "unattempted": false,
      "value": "A",
    },
    "Q4": Object {
      "correct": false,
      "skipped": false,
      "unattempted": false,
      "value": "A",
    },
    "Q40": Object {
      "correct": false,
      "skipped": false,
      "unattempted": false,
      "value": "A",
    },
    "Q41": Object {
      "correct": false,
      "skipped": false,
      "unattempted": false,
      "value": "A",
    },
    "Q42": Object {
      "correct": false,
      "skipped": false,
      "unattempted": false,
      "value": "A",
    },
    "Q43": Object {
      "correct": false,
      "skipped": false,
      "unattempted": false,
      "value": "A",
    },
    "Q44": Object {
      "correct": false,
      "skipped": false,
      "unattempted": false,
      "value": "A",
    },
    "Q45": Object {
      "correct": false,
      "skipped": false,
      "unattempted": false,
      "value": "A",
    },
    "Q46": Object {
      "correct": false,
      "skipped": false,
      "unattempted": false,
      "value": "A",
    },
    "Q47": Object {
      "correct": false,
      "skipped": false,
      "unattempted": false,
      "value": "A",
    },
    "Q48": Object {
      "correct": false,
      "skipped": false,
      "unattempted": false,
      "value": "A",
    },
    "Q49": Object {
      "correct": false,
      "skipped": false,
      "unattempted": false,
      "value": "A",
    },
    "Q5": Object {
      "correct": false,
      "skipped": false,
      "unattempted": false,
      "value": "A",
    },
    "Q50": Object {
      "correct": false,
      "skipped": false,
      "unattempted": false,
      "value": "A",
    },
    "Q51": Object {
      "correct": false,
      "skipped": false,
      "unattempted": false,
      "value": "A",
    },
    "Q52": Object {
      "correct": false,
      "skipped": false,
      "unattempted": false,
      "value": "A",
    },
    "Q53": Object {
      "correct": false,
      "skipped": false,
      "unattempted": false,
      "value": "A",
    },
    "Q54": Object {
      "correct": false,
      "skipped": false,
      "unattempted": false,
      "value": "A",
    },
    "Q55": Object {
      "correct": false,
      "skipped": false,
      "unattempted": false,
      "value": "A",
    },
    "Q56": Object {
      "correct": false,
      "skipped": false,
      "unattempted": false,
      "value": "A",
    },
    "Q57": Object {
      "correct": false,
      "skipped": false,
      "unattempted": false,
      "value": "A",
    },
    "Q58": Object {
      "correct": false,
      "skipped": false,
      "unattempted": false,
      "value": "A",
    },
    "Q59": Object {
      "correct": false,
      "skipped": false,
      "unattempted": false,
      "value": "A",
    },
    "Q6": Object {
      "correct": false,
      "skipped": false,
      "unattempted": false,
      "value": "A",
    },
    "Q60": Object {
      "correct": false,
      "skipped": false,
      "unattempted": false,
      "value": "A",
    },
    "Q7": Object {
      "correct": false,
      "skipped": false,
      "unattempted": false,
      "value": "A",
    },
    "Q8": Object {
      "correct": false,
      "skipped": false,
      "unattempted": false,
      "value": "A",
    },
    "Q9": Object {
      "correct": false,
      "skipped": false,
      "unattempted": false,
      "value": "A",
    },
  },
  "correctCount": 0,
  "id": Any<String>,
  "imageFile": Anything,
  "incorrectCount": 0,
  "isCompiled": false,
  "isRollNoExtracted": true,
  "marks": 0,
  "post": "",
  "questionPaperType": "",
  "rollNo": "11111",
  "skippedCount": 0,
  "testCenter": "",
  "testTime": "",
  "totalMarks": 0,
  "unattemptedCount": 0,
}
`;
